Archive member included to satisfy reference by file (symbol)

c:/program files (x86)/atmel/studio/7.0/toolchain/avr8/avr8-gnu-toolchain/bin/../lib/gcc/avr/5.4.0/avr5\libgcc.a(_mulsi3.o)
                              APP/Calculator_Prg.o (__mulsi3)
c:/program files (x86)/atmel/studio/7.0/toolchain/avr8/avr8-gnu-toolchain/bin/../lib/gcc/avr/5.4.0/avr5\libgcc.a(_udivmodqi4.o)
                              APP/STOP_WATCH_Prg.o (__udivmodqi4)
c:/program files (x86)/atmel/studio/7.0/toolchain/avr8/avr8-gnu-toolchain/bin/../lib/gcc/avr/5.4.0/avr5\libgcc.a(_udivmodhi4.o)
                              APP/Fire_System_Prg.o (__udivmodhi4)
c:/program files (x86)/atmel/studio/7.0/toolchain/avr8/avr8-gnu-toolchain/bin/../lib/gcc/avr/5.4.0/avr5\libgcc.a(_udivmodsi4.o)
                              APP/Fire_System_Prg.o (__udivmodsi4)
c:/program files (x86)/atmel/studio/7.0/toolchain/avr8/avr8-gnu-toolchain/bin/../lib/gcc/avr/5.4.0/avr5\libgcc.a(_divmodsi4.o)
                              APP/Calculator_Prg.o (__divmodsi4)
c:/program files (x86)/atmel/studio/7.0/toolchain/avr8/avr8-gnu-toolchain/bin/../lib/gcc/avr/5.4.0/avr5\libgcc.a(_negsi2.o)
                              c:/program files (x86)/atmel/studio/7.0/toolchain/avr8/avr8-gnu-toolchain/bin/../lib/gcc/avr/5.4.0/avr5\libgcc.a(_divmodsi4.o) (__negsi2)
c:/program files (x86)/atmel/studio/7.0/toolchain/avr8/avr8-gnu-toolchain/bin/../lib/gcc/avr/5.4.0/avr5\libgcc.a(_exit.o)
                              C:/Program Files (x86)/Atmel/Studio/7.0/Packs/atmel/ATmega_DFP/1.7.374/gcc/dev/atmega32/avr5/crtatmega32.o (exit)
c:/program files (x86)/atmel/studio/7.0/toolchain/avr8/avr8-gnu-toolchain/bin/../lib/gcc/avr/5.4.0/avr5\libgcc.a(_tablejump2.o)
                              MCAL/Timers_Prg.o (__tablejump2__)
c:/program files (x86)/atmel/studio/7.0/toolchain/avr8/avr8-gnu-toolchain/bin/../lib/gcc/avr/5.4.0/avr5\libgcc.a(_copy_data.o)
                              APP/Calculator_Prg.o (__do_copy_data)
c:/program files (x86)/atmel/studio/7.0/toolchain/avr8/avr8-gnu-toolchain/bin/../lib/gcc/avr/5.4.0/avr5\libgcc.a(_clear_bss.o)
                              APP/Calculator_Prg.o (__do_clear_bss)
c:/program files (x86)/atmel/studio/7.0/toolchain/avr8/avr8-gnu-toolchain/bin/../lib/gcc/avr/5.4.0/avr5\libgcc.a(_umulhisi3.o)
                              APP/Fire_System_Prg.o (__umulhisi3)
c:/program files (x86)/atmel/studio/7.0/toolchain/avr8/avr8-gnu-toolchain/bin/../lib/gcc/avr/5.4.0/avr5\libgcc.a(_muluhisi3.o)
                              HAL/LCD_Prg.o (__muluhisi3)

Discarded input sections

 .data          0x00000000        0x0 C:/Program Files (x86)/Atmel/Studio/7.0/Packs/atmel/ATmega_DFP/1.7.374/gcc/dev/atmega32/avr5/crtatmega32.o
 .bss           0x00000000        0x0 C:/Program Files (x86)/Atmel/Studio/7.0/Packs/atmel/ATmega_DFP/1.7.374/gcc/dev/atmega32/avr5/crtatmega32.o
 .text          0x00000000        0x0 APP/Calculator_Prg.o
 .data          0x00000000        0x0 APP/Calculator_Prg.o
 .bss           0x00000000        0x0 APP/Calculator_Prg.o
 .rodata.str1.1
                0x00000000       0x2c APP/Calculator_Prg.o
 .text.Calculator_Init
                0x00000000       0x2e APP/Calculator_Prg.o
 .text.Calculator_Runnable
                0x00000000      0x49c APP/Calculator_Prg.o
 .data.key.1881
                0x00000000        0x1 APP/Calculator_Prg.o
 .bss.check_flag
                0x00000000        0x1 APP/Calculator_Prg.o
 .bss.cmp_flag  0x00000000        0x1 APP/Calculator_Prg.o
 .bss.printed_flag
                0x00000000        0x1 APP/Calculator_Prg.o
 .bss.indic_flag
                0x00000000        0x1 APP/Calculator_Prg.o
 .bss.equal_flag
                0x00000000        0x1 APP/Calculator_Prg.o
 .bss.oper_flag
                0x00000000        0x1 APP/Calculator_Prg.o
 .bss.one_elem_flag
                0x00000000        0x1 APP/Calculator_Prg.o
 .bss.negative_flag
                0x00000000        0x1 APP/Calculator_Prg.o
 .bss.Init_flag
                0x00000000        0x1 APP/Calculator_Prg.o
 .bss.incremntal_flag
                0x00000000        0x1 APP/Calculator_Prg.o
 .bss.clr_flag  0x00000000        0x1 APP/Calculator_Prg.o
 .bss.i         0x00000000        0x1 APP/Calculator_Prg.o
 .bss.Oper      0x00000000        0x1 APP/Calculator_Prg.o
 .bss.Str_Buffer
                0x00000000        0xf APP/Calculator_Prg.o
 .bss.Result    0x00000000        0x4 APP/Calculator_Prg.o
 .bss.num2      0x00000000        0x4 APP/Calculator_Prg.o
 .bss.num1      0x00000000        0x4 APP/Calculator_Prg.o
 .comment       0x00000000       0x31 APP/Calculator_Prg.o
 .text          0x00000000        0x0 APP/CAR_MOVE_Prg.o
 .data          0x00000000        0x0 APP/CAR_MOVE_Prg.o
 .bss           0x00000000        0x0 APP/CAR_MOVE_Prg.o
 .text.CAR_MOVE_Init
                0x00000000        0x2 APP/CAR_MOVE_Prg.o
 .text.CAR_MOVE_RUNNABLE
                0x00000000      0x116 APP/CAR_MOVE_Prg.o
 .comment       0x00000000       0x31 APP/CAR_MOVE_Prg.o
 .text          0x00000000        0x0 APP/Fire_System_Prg.o
 .data          0x00000000        0x0 APP/Fire_System_Prg.o
 .bss           0x00000000        0x0 APP/Fire_System_Prg.o
 .text.ADC_Fun  0x00000000       0x62 APP/Fire_System_Prg.o
 .text.old_Pass_Fill.constprop.3
                0x00000000       0xa0 APP/Fire_System_Prg.o
 .text.Pass_Compare.constprop.4
                0x00000000       0x20 APP/Fire_System_Prg.o
 .rodata.str1.1
                0x00000000       0x9a APP/Fire_System_Prg.o
 .text.Fire_System_Init
                0x00000000       0xaa APP/Fire_System_Prg.o
 .text.Fire_System_Runnable
                0x00000000      0x69e APP/Fire_System_Prg.o
 .data.pass_state.2072
                0x00000000        0x1 APP/Fire_System_Prg.o
 .bss.clr_flag.2048
                0x00000000        0x1 APP/Fire_System_Prg.o
 .bss.temp_flag.2046
                0x00000000        0x1 APP/Fire_System_Prg.o
 .bss.init_flag.2047
                0x00000000        0x1 APP/Fire_System_Prg.o
 .bss.read_flag.2035
                0x00000000        0x1 APP/Fire_System_Prg.o
 .bss.reset_flag
                0x00000000        0x1 APP/Fire_System_Prg.o
 .bss.old_flag  0x00000000        0x1 APP/Fire_System_Prg.o
 .bss.fire_flag
                0x00000000        0x1 APP/Fire_System_Prg.o
 .bss.state     0x00000000        0x1 APP/Fire_System_Prg.o
 .bss.smoke_val
                0x00000000        0x2 APP/Fire_System_Prg.o
 .bss.First_address
                0x00000000        0x2 APP/Fire_System_Prg.o
 .bss.pass_buffer
                0x00000000        0x5 APP/Fire_System_Prg.o
 .bss.smoke_per
                0x00000000        0x2 APP/Fire_System_Prg.o
 .bss.temp      0x00000000        0x2 APP/Fire_System_Prg.o
 .bss.password  0x00000000        0x5 APP/Fire_System_Prg.o
 .comment       0x00000000       0x31 APP/Fire_System_Prg.o
 .text          0x00000000        0x0 APP/LCD_Game_Prg.o
 .data          0x00000000        0x0 APP/LCD_Game_Prg.o
 .bss           0x00000000        0x0 APP/LCD_Game_Prg.o
 .text.ADC_func
                0x00000000       0x12 APP/LCD_Game_Prg.o
 .rodata.str1.1
                0x00000000       0x3b APP/LCD_Game_Prg.o
 .text.LCD_Game_Init
                0x00000000       0x4c APP/LCD_Game_Prg.o
 .text.LCD_Game_Runnable
                0x00000000      0x104 APP/LCD_Game_Prg.o
 .text.LDR_Init
                0x00000000       0x1c APP/LCD_Game_Prg.o
 .text.LDR_Runnable
                0x00000000       0x5c APP/LCD_Game_Prg.o
 .rodata        0x00000000        0x8 APP/LCD_Game_Prg.o
 .text.Radio_Signal_Init
                0x00000000       0x44 APP/LCD_Game_Prg.o
 .text.Radio_Signal_Runnable
                0x00000000       0x70 APP/LCD_Game_Prg.o
 .bss.x.2013    0x00000000        0x1 APP/LCD_Game_Prg.o
 .bss.flag.2012
                0x00000000        0x1 APP/LCD_Game_Prg.o
 .data.arr_pos  0x00000000        0x1 APP/LCD_Game_Prg.o
 .bss.init_flag
                0x00000000        0x1 APP/LCD_Game_Prg.o
 .data.dead_man
                0x00000000        0x8 APP/LCD_Game_Prg.o
 .data.arrow    0x00000000        0x8 APP/LCD_Game_Prg.o
 .data.man_custom
                0x00000000        0x8 APP/LCD_Game_Prg.o
 .bss.ldr_volt  0x00000000        0x2 APP/LCD_Game_Prg.o
 .comment       0x00000000       0x31 APP/LCD_Game_Prg.o
 .text          0x00000000        0x0 APP/Number_Converter_Prg.o
 .data          0x00000000        0x0 APP/Number_Converter_Prg.o
 .bss           0x00000000        0x0 APP/Number_Converter_Prg.o
 .rodata.str1.1
                0x00000000       0x86 APP/Number_Converter_Prg.o
 .text.Number_Converter_Init
                0x00000000       0x2e APP/Number_Converter_Prg.o
 .text.Number_Converter_Runnable
                0x00000000      0x82e APP/Number_Converter_Prg.o
 .text.Converter_Reset
                0x00000000       0x28 APP/Number_Converter_Prg.o
 .bss.counter   0x00000000        0x1 APP/Number_Converter_Prg.o
 .bss.i         0x00000000        0x1 APP/Number_Converter_Prg.o
 .bss.str_buffer
                0x00000000        0xa APP/Number_Converter_Prg.o
 .bss.num       0x00000000        0x4 APP/Number_Converter_Prg.o
 .bss.output_sys
                0x00000000        0x1 APP/Number_Converter_Prg.o
 .bss.input_sys
                0x00000000        0x1 APP/Number_Converter_Prg.o
 .data.pos_hex  0x00000000        0x1 APP/Number_Converter_Prg.o
 .data.hex_char
                0x00000000        0x1 APP/Number_Converter_Prg.o
 .bss.key       0x00000000        0x1 APP/Number_Converter_Prg.o
 .bss.hex_set_flag
                0x00000000        0x1 APP/Number_Converter_Prg.o
 .bss.hex_num_flag
                0x00000000        0x1 APP/Number_Converter_Prg.o
 .bss.result_flag
                0x00000000        0x1 APP/Number_Converter_Prg.o
 .bss.buffer_flag
                0x00000000        0x1 APP/Number_Converter_Prg.o
 .bss.init_flag
                0x00000000        0x1 APP/Number_Converter_Prg.o
 .comment       0x00000000       0x31 APP/Number_Converter_Prg.o
 .text          0x00000000        0x0 APP/RGB_APP_Prg.o
 .data          0x00000000        0x0 APP/RGB_APP_Prg.o
 .bss           0x00000000        0x0 APP/RGB_APP_Prg.o
 .text          0x00000000        0x0 APP/StepperAPP_Prg.o
 .data          0x00000000        0x0 APP/StepperAPP_Prg.o
 .bss           0x00000000        0x0 APP/StepperAPP_Prg.o
 .text.reset_system
                0x00000000       0x12 APP/StepperAPP_Prg.o
 .rodata.str1.1
                0x00000000       0x61 APP/StepperAPP_Prg.o
 .text.Stepper_APP_Init
                0x00000000       0x2e APP/StepperAPP_Prg.o
 .text.Stepper_APP_Runnable
                0x00000000      0x2ba APP/StepperAPP_Prg.o
 .bss.operate_flag
                0x00000000        0x1 APP/StepperAPP_Prg.o
 .bss.i         0x00000000        0x1 APP/StepperAPP_Prg.o
 .bss.str_buffer
                0x00000000        0xa APP/StepperAPP_Prg.o
 .bss.data      0x00000000        0x4 APP/StepperAPP_Prg.o
 .bss.key       0x00000000        0x1 APP/StepperAPP_Prg.o
 .bss.init_flag
                0x00000000        0x1 APP/StepperAPP_Prg.o
 .bss.motor_state
                0x00000000        0x1 APP/StepperAPP_Prg.o
 .comment       0x00000000       0x31 APP/StepperAPP_Prg.o
 .text          0x00000000        0x0 APP/STOP_WATCH_Prg.o
 .data          0x00000000        0x0 APP/STOP_WATCH_Prg.o
 .bss           0x00000000        0x0 APP/STOP_WATCH_Prg.o
 .text.Stop_Watch_Runnable
                0x00000000      0x408 APP/STOP_WATCH_Prg.o
 .bss.j.1898    0x00000000        0x2 APP/STOP_WATCH_Prg.o
 .data.reset_state.1901
                0x00000000        0x1 APP/STOP_WATCH_Prg.o
 .bss.flag1.1899
                0x00000000        0x1 APP/STOP_WATCH_Prg.o
 .bss.adj_flag2.1896
                0x00000000        0x1 APP/STOP_WATCH_Prg.o
 .bss.adj_flag1.1895
                0x00000000        0x1 APP/STOP_WATCH_Prg.o
 .data.but_state.1900
                0x00000000        0x1 APP/STOP_WATCH_Prg.o
 .bss.temp.1893
                0x00000000        0x1 APP/STOP_WATCH_Prg.o
 .bss.first_digit.1894
                0x00000000        0x1 APP/STOP_WATCH_Prg.o
 .data.y.1892   0x00000000        0x1 APP/STOP_WATCH_Prg.o
 .data.mode_state.1902
                0x00000000        0x1 APP/STOP_WATCH_Prg.o
 .bss.flag2.1891
                0x00000000        0x1 APP/STOP_WATCH_Prg.o
 .data.x.1890   0x00000000        0x1 APP/STOP_WATCH_Prg.o
 .bss.i.1897    0x00000000        0x2 APP/STOP_WATCH_Prg.o
 .comment       0x00000000       0x31 APP/STOP_WATCH_Prg.o
 .text          0x00000000        0x0 APP/TEMP_Filter_Prg.o
 .data          0x00000000        0x0 APP/TEMP_Filter_Prg.o
 .bss           0x00000000        0x0 APP/TEMP_Filter_Prg.o
 .text.TEMP_Filter_Init
                0x00000000        0xe APP/TEMP_Filter_Prg.o
 .text.TEMP_Filter_Runnable
                0x00000000       0x8e APP/TEMP_Filter_Prg.o
 .text.TEMP_GET_Filterd
                0x00000000        0xa APP/TEMP_Filter_Prg.o
 .text.TEMP_GET_Unfiltered
                0x00000000        0xa APP/TEMP_Filter_Prg.o
 .bss.i.1646    0x00000000        0x1 APP/TEMP_Filter_Prg.o
 .bss.flag      0x00000000        0x1 APP/TEMP_Filter_Prg.o
 .bss.temp_unfilter
                0x00000000        0x2 APP/TEMP_Filter_Prg.o
 .bss.temp_filter
                0x00000000        0x2 APP/TEMP_Filter_Prg.o
 .bss.temp_arr  0x00000000       0x14 APP/TEMP_Filter_Prg.o
 .comment       0x00000000       0x31 APP/TEMP_Filter_Prg.o
 .text          0x00000000        0x0 CONFIG/DIO_Cfg.o
 .data          0x00000000        0x0 CONFIG/DIO_Cfg.o
 .bss           0x00000000        0x0 CONFIG/DIO_Cfg.o
 .text          0x00000000        0x0 HAL/BUTTON_Prg.o
 .data          0x00000000        0x0 HAL/BUTTON_Prg.o
 .bss           0x00000000        0x0 HAL/BUTTON_Prg.o
 .text.BUTTON_Init
                0x00000000       0x30 HAL/BUTTON_Prg.o
 .text.BUTTON_Get_status
                0x00000000       0x2e HAL/BUTTON_Prg.o
 .rodata.button_arr
                0x00000000        0x3 HAL/BUTTON_Prg.o
 .comment       0x00000000       0x31 HAL/BUTTON_Prg.o
 .text          0x00000000        0x0 HAL/KeyPad_Prg.o
 .data          0x00000000        0x0 HAL/KeyPad_Prg.o
 .bss           0x00000000        0x0 HAL/KeyPad_Prg.o
 .text.KeyPad_Init
                0x00000000       0x20 HAL/KeyPad_Prg.o
 .text.KeyPad_Get_Key
                0x00000000       0xb0 HAL/KeyPad_Prg.o
 .rodata.key_cofig
                0x00000000        0x8 HAL/KeyPad_Prg.o
 .rodata.KeyPad_arr
                0x00000000       0x10 HAL/KeyPad_Prg.o
 .comment       0x00000000       0x31 HAL/KeyPad_Prg.o
 .text          0x00000000        0x0 HAL/LCD_Prg.o
 .data          0x00000000        0x0 HAL/LCD_Prg.o
 .bss           0x00000000        0x0 HAL/LCD_Prg.o
 .text.LCD_Write_Character
                0x00000000        0x4 HAL/LCD_Prg.o
 .text.LCD_Write_Number
                0x00000000       0xde HAL/LCD_Prg.o
 .text.LCD_Custom_Char
                0x00000000       0x36 HAL/LCD_Prg.o
 .rodata.str1.1
                0x00000000        0x6 HAL/LCD_Prg.o
 .text.LCD_Print_Binary
                0x00000000       0x6a HAL/LCD_Prg.o
 .text.LCD_Print_Hexa
                0x00000000       0x50 HAL/LCD_Prg.o
 .text.LCD_Snake_Word
                0x00000000      0x11a HAL/LCD_Prg.o
 .text.LCD_Write_Number_Cursor
                0x00000000       0x20 HAL/LCD_Prg.o
 .text.LCD_Write_Number_4_Digits
                0x00000000       0xac HAL/LCD_Prg.o
 .text.String_To_Int
                0x00000000       0x80 HAL/LCD_Prg.o
 .text          0x00000000        0x0 HAL/LED_Prg.o
 .data          0x00000000        0x0 HAL/LED_Prg.o
 .bss           0x00000000        0x0 HAL/LED_Prg.o
 .text.LED_Init
                0x00000000       0x30 HAL/LED_Prg.o
 .text.LED_Turn_On
                0x00000000       0x1c HAL/LED_Prg.o
 .text.LED_Turn_Off
                0x00000000       0x1c HAL/LED_Prg.o
 .text.LED_Toggle_state
                0x00000000       0x10 HAL/LED_Prg.o
 .text.LED_Count_turn_on
                0x00000000       0x3e HAL/LED_Prg.o
 .rodata.led_arr
                0x00000000        0x8 HAL/LED_Prg.o
 .comment       0x00000000       0x31 HAL/LED_Prg.o
 .text          0x00000000        0x0 HAL/MOTOR_Prg.o
 .data          0x00000000        0x0 HAL/MOTOR_Prg.o
 .bss           0x00000000        0x0 HAL/MOTOR_Prg.o
 .text.MOTOR_Init
                0x00000000        0x2 HAL/MOTOR_Prg.o
 .text.MOTOR_Rotate_CW
                0x00000000       0x24 HAL/MOTOR_Prg.o
 .text.MOTOR_Rotate_Counter_CW
                0x00000000       0x24 HAL/MOTOR_Prg.o
 .text.MOTOR_Stop
                0x00000000       0x24 HAL/MOTOR_Prg.o
 .text.MOTOR_Set_Speed
                0x00000000        0x2 HAL/MOTOR_Prg.o
 .rodata.motor_arr
                0x00000000        0x8 HAL/MOTOR_Prg.o
 .comment       0x00000000       0x31 HAL/MOTOR_Prg.o
 .text          0x00000000        0x0 HAL/RGB_Prg.o
 .data          0x00000000        0x0 HAL/RGB_Prg.o
 .bss           0x00000000        0x0 HAL/RGB_Prg.o
 .text.RGB_Convert_Colours_time_request_ms
                0x00000000       0x1c HAL/RGB_Prg.o
 .text          0x00000000        0x0 HAL/SENSORS_Prg.o
 .data          0x00000000        0x0 HAL/SENSORS_Prg.o
 .bss           0x00000000        0x0 HAL/SENSORS_Prg.o
 .text.LM35_Read_Temp
                0x00000000        0x6 HAL/SENSORS_Prg.o
 .text.LM35_Read_Temp_No_Block
                0x00000000        0x4 HAL/SENSORS_Prg.o
 .text.MPX_Read_Pressure
                0x00000000       0x28 HAL/SENSORS_Prg.o
 .text.MPX_Read_Pressure_No_Block
                0x00000000       0x26 HAL/SENSORS_Prg.o
 .comment       0x00000000       0x31 HAL/SENSORS_Prg.o
 .text          0x00000000        0x0 HAL/SEVEN_SEG_Prg.o
 .data          0x00000000        0x0 HAL/SEVEN_SEG_Prg.o
 .bss           0x00000000        0x0 HAL/SEVEN_SEG_Prg.o
 .text.SEVEN_SEG_Init
                0x00000000        0x2 HAL/SEVEN_SEG_Prg.o
 .text.SEVEN_SEG_base_Write
                0x00000000       0x96 HAL/SEVEN_SEG_Prg.o
 .text.SEVEN_SEG_MUX2D_Write
                0x00000000      0x1e0 HAL/SEVEN_SEG_Prg.o
 .text.SEVEN_SEG_MUX2D_Write_HEX
                0x00000000      0x1cc HAL/SEVEN_SEG_Prg.o
 .text.SEVEN_SEG_BCD_Write
                0x00000000       0x9a HAL/SEVEN_SEG_Prg.o
 .rodata.segment_base_elem_CC
                0x00000000       0x10 HAL/SEVEN_SEG_Prg.o
 .rodata.seg_bcd_arr
                0x00000000        0x5 HAL/SEVEN_SEG_Prg.o
 .rodata.seg_mux2d_arr
                0x00000000        0xa HAL/SEVEN_SEG_Prg.o
 .rodata.seg_base_arr
                0x00000000        0x8 HAL/SEVEN_SEG_Prg.o
 .comment       0x00000000       0x31 HAL/SEVEN_SEG_Prg.o
 .text          0x00000000        0x0 HAL/Stepper_Prg.o
 .data          0x00000000        0x0 HAL/Stepper_Prg.o
 .bss           0x00000000        0x0 HAL/Stepper_Prg.o
 .text.Stepper_Motor_Init
                0x00000000        0x2 HAL/Stepper_Prg.o
 .text.Stepper_Motor_Bipolar_CW
                0x00000000       0xb2 HAL/Stepper_Prg.o
 .text.Stepper_Motor_Bipolar_Counter_CW
                0x00000000       0xb2 HAL/Stepper_Prg.o
 .text.Stepper_Motor_Unipolar_CW
                0x00000000       0xb2 HAL/Stepper_Prg.o
 .text.Stepper_Motor_Unipolar_Counter_CW
                0x00000000       0xb2 HAL/Stepper_Prg.o
 .text.Stepper_Motor_Unipolar_HS_CW
                0x00000000      0x162 HAL/Stepper_Prg.o
 .text.Stepper_Motor_Unipolar_HS_Counter_CW
                0x00000000      0x162 HAL/Stepper_Prg.o
 .text.Stepper_Rotate_CW_By_Angle
                0x00000000       0x4a HAL/Stepper_Prg.o
 .text.Stepper_Rotate_CW_By_nof_Rotations
                0x00000000       0x58 HAL/Stepper_Prg.o
 .text.Stepper_Rotate_Counter_CW_By_Angle
                0x00000000       0x4a HAL/Stepper_Prg.o
 .text.Stepper_Rotate_Counter_CW_By_nof_Rotations
                0x00000000       0x58 HAL/Stepper_Prg.o
 .comment       0x00000000       0x31 HAL/Stepper_Prg.o
 .text          0x00000000        0x0 main.o
 .data          0x00000000        0x0 main.o
 .bss           0x00000000        0x0 main.o
 .text          0x00000000        0x0 MCAL/ADC_Prg.o
 .data          0x00000000        0x0 MCAL/ADC_Prg.o
 .bss           0x00000000        0x0 MCAL/ADC_Prg.o
 .text.ADC_Init
                0x00000000       0x2a MCAL/ADC_Prg.o
 .text.ADC_Read
                0x00000000       0x1e MCAL/ADC_Prg.o
 .text.ADC_Start_Conversion
                0x00000000       0x20 MCAL/ADC_Prg.o
 .text.ADC_Get_Read
                0x00000000        0xe MCAL/ADC_Prg.o
 .text.ADC_Get_Read_Periodic
                0x00000000       0x20 MCAL/ADC_Prg.o
 .text.ADC_Get_Read_No_Block
                0x00000000        0xa MCAL/ADC_Prg.o
 .text.ADC_Read_Volt_No_Block
                0x00000000       0x24 MCAL/ADC_Prg.o
 .text.ADC_Read_Volt
                0x00000000       0x26 MCAL/ADC_Prg.o
 .text.ADC_Set_Call_Back
                0x00000000        0xa MCAL/ADC_Prg.o
 .bss.adc_flag  0x00000000        0x1 MCAL/ADC_Prg.o
 .text          0x00000000        0x0 MCAL/DIO_Prg.o
 .data          0x00000000        0x0 MCAL/DIO_Prg.o
 .bss           0x00000000        0x0 MCAL/DIO_Prg.o
 .text.DIO_ReadPin
                0x00000000       0x3a MCAL/DIO_Prg.o
 .text.DIO_Toggle_Pin
                0x00000000       0x6a MCAL/DIO_Prg.o
 .text.DIO_Write_Port
                0x00000000       0x20 MCAL/DIO_Prg.o
 .text.DIO_Read_Port
                0x00000000       0x22 MCAL/DIO_Prg.o
 .text          0x00000000        0x0 MCAL/EEPROM_Prg.o
 .data          0x00000000        0x0 MCAL/EEPROM_Prg.o
 .bss           0x00000000        0x0 MCAL/EEPROM_Prg.o
 .text.EEPROM_Init
                0x00000000        0x2 MCAL/EEPROM_Prg.o
 .text.EEPROM_Write_Data
                0x00000000       0x12 MCAL/EEPROM_Prg.o
 .text.EEPROM_Read_Data
                0x00000000       0x10 MCAL/EEPROM_Prg.o
 .text.EEPROM_Set_Call_Back
                0x00000000        0xa MCAL/EEPROM_Prg.o
 .text          0x00000000        0x0 MCAL/EXI_Prg.o
 .data          0x00000000        0x0 MCAL/EXI_Prg.o
 .bss           0x00000000        0x0 MCAL/EXI_Prg.o
 .text.EXT_INT_Disable
                0x00000000       0x20 MCAL/EXI_Prg.o
 .text          0x00000000        0x0 MCAL/Timers_Prg.o
 .data          0x00000000        0x0 MCAL/Timers_Prg.o
 .bss           0x00000000        0x0 MCAL/Timers_Prg.o
 .text.Timer0_SET_OVF_Call_Back
                0x00000000        0xa MCAL/Timers_Prg.o
 .text.Timer0_SET_Com_match_Call_Back
                0x00000000        0xa MCAL/Timers_Prg.o
 .text.Timer1_Set_OVF_Call_Back
                0x00000000        0xa MCAL/Timers_Prg.o
 .text.Timer1_Set_ComA_Match_Call_Back
                0x00000000        0xa MCAL/Timers_Prg.o
 .text.Timer1_Set_ComB_Match_Call_Back
                0x00000000        0xa MCAL/Timers_Prg.o
 .text.Timer1_Set_ICU_Call_Back
                0x00000000        0xa MCAL/Timers_Prg.o
 .text.Timer1_ICU_Edge_Mode
                0x00000000       0x18 MCAL/Timers_Prg.o
 .text.Timer2_OC2_Mode
                0x00000000       0x36 MCAL/Timers_Prg.o
 .text.Timer2_SET_Com_match_Call_Back
                0x00000000        0xa MCAL/Timers_Prg.o
 .text          0x00000000        0x0 MCAL/WDT_Prg.o
 .data          0x00000000        0x0 MCAL/WDT_Prg.o
 .bss           0x00000000        0x0 MCAL/WDT_Prg.o
 .text.WDT_Start
                0x00000000        0xe MCAL/WDT_Prg.o
 .text.WDT_Stop
                0x00000000        0x8 MCAL/WDT_Prg.o
 .comment       0x00000000       0x31 MCAL/WDT_Prg.o
 .text          0x00000000        0x0 SERVICE/Timers_Services_Prg.o
 .data          0x00000000        0x0 SERVICE/Timers_Services_Prg.o
 .bss           0x00000000        0x0 SERVICE/Timers_Services_Prg.o
 .text.measure_timer0_no_interrupts
                0x00000000       0x28 SERVICE/Timers_Services_Prg.o
 .text.Fun_Call_Interrrupt
                0x00000000       0x68 SERVICE/Timers_Services_Prg.o
 .text.EXI0_Measure_Func
                0x00000000       0x5e SERVICE/Timers_Services_Prg.o
 .text.Set_Function_Call_Interrupt_Time_us
                0x00000000       0x7a SERVICE/Timers_Services_Prg.o
 .text.Measure_Button_Pressing_Time
                0x00000000       0x12 SERVICE/Timers_Services_Prg.o
 .text.Get_press_time_val
                0x00000000       0xb0 SERVICE/Timers_Services_Prg.o
 .bss.flag.1798
                0x00000000        0x2 SERVICE/Timers_Services_Prg.o
 .bss.counter.1778
                0x00000000        0x2 SERVICE/Timers_Services_Prg.o
 .bss.finish_flag
                0x00000000        0x1 SERVICE/Timers_Services_Prg.o
 .bss.counter   0x00000000        0x4 SERVICE/Timers_Services_Prg.o
 .bss.press_time
                0x00000000        0x4 SERVICE/Timers_Services_Prg.o
 .bss.t2        0x00000000        0x4 SERVICE/Timers_Services_Prg.o
 .bss.t1        0x00000000        0x4 SERVICE/Timers_Services_Prg.o
 .bss.reminder  0x00000000        0x4 SERVICE/Timers_Services_Prg.o
 .bss.repeat    0x00000000        0x4 SERVICE/Timers_Services_Prg.o
 .bss.pfunc     0x00000000        0x2 SERVICE/Timers_Services_Prg.o
 .bss.time_interrupt
                0x00000000        0x4 SERVICE/Timers_Services_Prg.o
 .text          0x00000000        0x0 c:/program files (x86)/atmel/studio/7.0/toolchain/avr8/avr8-gnu-toolchain/bin/../lib/gcc/avr/5.4.0/avr5\libgcc.a(_mulsi3.o)
 .data          0x00000000        0x0 c:/program files (x86)/atmel/studio/7.0/toolchain/avr8/avr8-gnu-toolchain/bin/../lib/gcc/avr/5.4.0/avr5\libgcc.a(_mulsi3.o)
 .bss           0x00000000        0x0 c:/program files (x86)/atmel/studio/7.0/toolchain/avr8/avr8-gnu-toolchain/bin/../lib/gcc/avr/5.4.0/avr5\libgcc.a(_mulsi3.o)
 .text.libgcc.mul
                0x00000000       0x20 c:/program files (x86)/atmel/studio/7.0/toolchain/avr8/avr8-gnu-toolchain/bin/../lib/gcc/avr/5.4.0/avr5\libgcc.a(_mulsi3.o)
 .text.libgcc.div
                0x00000000        0x0 c:/program files (x86)/atmel/studio/7.0/toolchain/avr8/avr8-gnu-toolchain/bin/../lib/gcc/avr/5.4.0/avr5\libgcc.a(_mulsi3.o)
 .text.libgcc   0x00000000        0x0 c:/program files (x86)/atmel/studio/7.0/toolchain/avr8/avr8-gnu-toolchain/bin/../lib/gcc/avr/5.4.0/avr5\libgcc.a(_mulsi3.o)
 .text.libgcc.prologue
                0x00000000        0x0 c:/program files (x86)/atmel/studio/7.0/toolchain/avr8/avr8-gnu-toolchain/bin/../lib/gcc/avr/5.4.0/avr5\libgcc.a(_mulsi3.o)
 .text.libgcc.builtins
                0x00000000        0x0 c:/program files (x86)/atmel/studio/7.0/toolchain/avr8/avr8-gnu-toolchain/bin/../lib/gcc/avr/5.4.0/avr5\libgcc.a(_mulsi3.o)
 .text.libgcc.fmul
                0x00000000        0x0 c:/program files (x86)/atmel/studio/7.0/toolchain/avr8/avr8-gnu-toolchain/bin/../lib/gcc/avr/5.4.0/avr5\libgcc.a(_mulsi3.o)
 .text.libgcc.fixed
                0x00000000        0x0 c:/program files (x86)/atmel/studio/7.0/toolchain/avr8/avr8-gnu-toolchain/bin/../lib/gcc/avr/5.4.0/avr5\libgcc.a(_mulsi3.o)
 .text          0x00000000        0x0 c:/program files (x86)/atmel/studio/7.0/toolchain/avr8/avr8-gnu-toolchain/bin/../lib/gcc/avr/5.4.0/avr5\libgcc.a(_udivmodqi4.o)
 .data          0x00000000        0x0 c:/program files (x86)/atmel/studio/7.0/toolchain/avr8/avr8-gnu-toolchain/bin/../lib/gcc/avr/5.4.0/avr5\libgcc.a(_udivmodqi4.o)
 .bss           0x00000000        0x0 c:/program files (x86)/atmel/studio/7.0/toolchain/avr8/avr8-gnu-toolchain/bin/../lib/gcc/avr/5.4.0/avr5\libgcc.a(_udivmodqi4.o)
 .text.libgcc.mul
                0x00000000        0x0 c:/program files (x86)/atmel/studio/7.0/toolchain/avr8/avr8-gnu-toolchain/bin/../lib/gcc/avr/5.4.0/avr5\libgcc.a(_udivmodqi4.o)
 .text.libgcc   0x00000000        0x0 c:/program files (x86)/atmel/studio/7.0/toolchain/avr8/avr8-gnu-toolchain/bin/../lib/gcc/avr/5.4.0/avr5\libgcc.a(_udivmodqi4.o)
 .text.libgcc.prologue
                0x00000000        0x0 c:/program files (x86)/atmel/studio/7.0/toolchain/avr8/avr8-gnu-toolchain/bin/../lib/gcc/avr/5.4.0/avr5\libgcc.a(_udivmodqi4.o)
 .text.libgcc.builtins
                0x00000000        0x0 c:/program files (x86)/atmel/studio/7.0/toolchain/avr8/avr8-gnu-toolchain/bin/../lib/gcc/avr/5.4.0/avr5\libgcc.a(_udivmodqi4.o)
 .text.libgcc.fmul
                0x00000000        0x0 c:/program files (x86)/atmel/studio/7.0/toolchain/avr8/avr8-gnu-toolchain/bin/../lib/gcc/avr/5.4.0/avr5\libgcc.a(_udivmodqi4.o)
 .text.libgcc.fixed
                0x00000000        0x0 c:/program files (x86)/atmel/studio/7.0/toolchain/avr8/avr8-gnu-toolchain/bin/../lib/gcc/avr/5.4.0/avr5\libgcc.a(_udivmodqi4.o)
 .text          0x00000000        0x0 c:/program files (x86)/atmel/studio/7.0/toolchain/avr8/avr8-gnu-toolchain/bin/../lib/gcc/avr/5.4.0/avr5\libgcc.a(_udivmodhi4.o)
 .data          0x00000000        0x0 c:/program files (x86)/atmel/studio/7.0/toolchain/avr8/avr8-gnu-toolchain/bin/../lib/gcc/avr/5.4.0/avr5\libgcc.a(_udivmodhi4.o)
 .bss           0x00000000        0x0 c:/program files (x86)/atmel/studio/7.0/toolchain/avr8/avr8-gnu-toolchain/bin/../lib/gcc/avr/5.4.0/avr5\libgcc.a(_udivmodhi4.o)
 .text.libgcc.mul
                0x00000000        0x0 c:/program files (x86)/atmel/studio/7.0/toolchain/avr8/avr8-gnu-toolchain/bin/../lib/gcc/avr/5.4.0/avr5\libgcc.a(_udivmodhi4.o)
 .text.libgcc   0x00000000        0x0 c:/program files (x86)/atmel/studio/7.0/toolchain/avr8/avr8-gnu-toolchain/bin/../lib/gcc/avr/5.4.0/avr5\libgcc.a(_udivmodhi4.o)
 .text.libgcc.prologue
                0x00000000        0x0 c:/program files (x86)/atmel/studio/7.0/toolchain/avr8/avr8-gnu-toolchain/bin/../lib/gcc/avr/5.4.0/avr5\libgcc.a(_udivmodhi4.o)
 .text.libgcc.builtins
                0x00000000        0x0 c:/program files (x86)/atmel/studio/7.0/toolchain/avr8/avr8-gnu-toolchain/bin/../lib/gcc/avr/5.4.0/avr5\libgcc.a(_udivmodhi4.o)
 .text.libgcc.fmul
                0x00000000        0x0 c:/program files (x86)/atmel/studio/7.0/toolchain/avr8/avr8-gnu-toolchain/bin/../lib/gcc/avr/5.4.0/avr5\libgcc.a(_udivmodhi4.o)
 .text.libgcc.fixed
                0x00000000        0x0 c:/program files (x86)/atmel/studio/7.0/toolchain/avr8/avr8-gnu-toolchain/bin/../lib/gcc/avr/5.4.0/avr5\libgcc.a(_udivmodhi4.o)
 .text          0x00000000        0x0 c:/program files (x86)/atmel/studio/7.0/toolchain/avr8/avr8-gnu-toolchain/bin/../lib/gcc/avr/5.4.0/avr5\libgcc.a(_udivmodsi4.o)
 .data          0x00000000        0x0 c:/program files (x86)/atmel/studio/7.0/toolchain/avr8/avr8-gnu-toolchain/bin/../lib/gcc/avr/5.4.0/avr5\libgcc.a(_udivmodsi4.o)
 .bss           0x00000000        0x0 c:/program files (x86)/atmel/studio/7.0/toolchain/avr8/avr8-gnu-toolchain/bin/../lib/gcc/avr/5.4.0/avr5\libgcc.a(_udivmodsi4.o)
 .text.libgcc.mul
                0x00000000        0x0 c:/program files (x86)/atmel/studio/7.0/toolchain/avr8/avr8-gnu-toolchain/bin/../lib/gcc/avr/5.4.0/avr5\libgcc.a(_udivmodsi4.o)
 .text.libgcc.div
                0x00000000       0x44 c:/program files (x86)/atmel/studio/7.0/toolchain/avr8/avr8-gnu-toolchain/bin/../lib/gcc/avr/5.4.0/avr5\libgcc.a(_udivmodsi4.o)
 .text.libgcc   0x00000000        0x0 c:/program files (x86)/atmel/studio/7.0/toolchain/avr8/avr8-gnu-toolchain/bin/../lib/gcc/avr/5.4.0/avr5\libgcc.a(_udivmodsi4.o)
 .text.libgcc.prologue
                0x00000000        0x0 c:/program files (x86)/atmel/studio/7.0/toolchain/avr8/avr8-gnu-toolchain/bin/../lib/gcc/avr/5.4.0/avr5\libgcc.a(_udivmodsi4.o)
 .text.libgcc.builtins
                0x00000000        0x0 c:/program files (x86)/atmel/studio/7.0/toolchain/avr8/avr8-gnu-toolchain/bin/../lib/gcc/avr/5.4.0/avr5\libgcc.a(_udivmodsi4.o)
 .text.libgcc.fmul
                0x00000000        0x0 c:/program files (x86)/atmel/studio/7.0/toolchain/avr8/avr8-gnu-toolchain/bin/../lib/gcc/avr/5.4.0/avr5\libgcc.a(_udivmodsi4.o)
 .text.libgcc.fixed
                0x00000000        0x0 c:/program files (x86)/atmel/studio/7.0/toolchain/avr8/avr8-gnu-toolchain/bin/../lib/gcc/avr/5.4.0/avr5\libgcc.a(_udivmodsi4.o)
 .text          0x00000000        0x0 c:/program files (x86)/atmel/studio/7.0/toolchain/avr8/avr8-gnu-toolchain/bin/../lib/gcc/avr/5.4.0/avr5\libgcc.a(_divmodsi4.o)
 .data          0x00000000        0x0 c:/program files (x86)/atmel/studio/7.0/toolchain/avr8/avr8-gnu-toolchain/bin/../lib/gcc/avr/5.4.0/avr5\libgcc.a(_divmodsi4.o)
 .bss           0x00000000        0x0 c:/program files (x86)/atmel/studio/7.0/toolchain/avr8/avr8-gnu-toolchain/bin/../lib/gcc/avr/5.4.0/avr5\libgcc.a(_divmodsi4.o)
 .text.libgcc.mul
                0x00000000        0x0 c:/program files (x86)/atmel/studio/7.0/toolchain/avr8/avr8-gnu-toolchain/bin/../lib/gcc/avr/5.4.0/avr5\libgcc.a(_divmodsi4.o)
 .text.libgcc.div
                0x00000000       0x2e c:/program files (x86)/atmel/studio/7.0/toolchain/avr8/avr8-gnu-toolchain/bin/../lib/gcc/avr/5.4.0/avr5\libgcc.a(_divmodsi4.o)
 .text.libgcc   0x00000000        0x0 c:/program files (x86)/atmel/studio/7.0/toolchain/avr8/avr8-gnu-toolchain/bin/../lib/gcc/avr/5.4.0/avr5\libgcc.a(_divmodsi4.o)
 .text.libgcc.prologue
                0x00000000        0x0 c:/program files (x86)/atmel/studio/7.0/toolchain/avr8/avr8-gnu-toolchain/bin/../lib/gcc/avr/5.4.0/avr5\libgcc.a(_divmodsi4.o)
 .text.libgcc.builtins
                0x00000000        0x0 c:/program files (x86)/atmel/studio/7.0/toolchain/avr8/avr8-gnu-toolchain/bin/../lib/gcc/avr/5.4.0/avr5\libgcc.a(_divmodsi4.o)
 .text.libgcc.fmul
                0x00000000        0x0 c:/program files (x86)/atmel/studio/7.0/toolchain/avr8/avr8-gnu-toolchain/bin/../lib/gcc/avr/5.4.0/avr5\libgcc.a(_divmodsi4.o)
 .text.libgcc.fixed
                0x00000000        0x0 c:/program files (x86)/atmel/studio/7.0/toolchain/avr8/avr8-gnu-toolchain/bin/../lib/gcc/avr/5.4.0/avr5\libgcc.a(_divmodsi4.o)
 .text          0x00000000        0x0 c:/program files (x86)/atmel/studio/7.0/toolchain/avr8/avr8-gnu-toolchain/bin/../lib/gcc/avr/5.4.0/avr5\libgcc.a(_negsi2.o)
 .data          0x00000000        0x0 c:/program files (x86)/atmel/studio/7.0/toolchain/avr8/avr8-gnu-toolchain/bin/../lib/gcc/avr/5.4.0/avr5\libgcc.a(_negsi2.o)
 .bss           0x00000000        0x0 c:/program files (x86)/atmel/studio/7.0/toolchain/avr8/avr8-gnu-toolchain/bin/../lib/gcc/avr/5.4.0/avr5\libgcc.a(_negsi2.o)
 .text.libgcc.mul
                0x00000000        0x0 c:/program files (x86)/atmel/studio/7.0/toolchain/avr8/avr8-gnu-toolchain/bin/../lib/gcc/avr/5.4.0/avr5\libgcc.a(_negsi2.o)
 .text.libgcc.div
                0x00000000       0x10 c:/program files (x86)/atmel/studio/7.0/toolchain/avr8/avr8-gnu-toolchain/bin/../lib/gcc/avr/5.4.0/avr5\libgcc.a(_negsi2.o)
 .text.libgcc   0x00000000        0x0 c:/program files (x86)/atmel/studio/7.0/toolchain/avr8/avr8-gnu-toolchain/bin/../lib/gcc/avr/5.4.0/avr5\libgcc.a(_negsi2.o)
 .text.libgcc.prologue
                0x00000000        0x0 c:/program files (x86)/atmel/studio/7.0/toolchain/avr8/avr8-gnu-toolchain/bin/../lib/gcc/avr/5.4.0/avr5\libgcc.a(_negsi2.o)
 .text.libgcc.builtins
                0x00000000        0x0 c:/program files (x86)/atmel/studio/7.0/toolchain/avr8/avr8-gnu-toolchain/bin/../lib/gcc/avr/5.4.0/avr5\libgcc.a(_negsi2.o)
 .text.libgcc.fmul
                0x00000000        0x0 c:/program files (x86)/atmel/studio/7.0/toolchain/avr8/avr8-gnu-toolchain/bin/../lib/gcc/avr/5.4.0/avr5\libgcc.a(_negsi2.o)
 .text.libgcc.fixed
                0x00000000        0x0 c:/program files (x86)/atmel/studio/7.0/toolchain/avr8/avr8-gnu-toolchain/bin/../lib/gcc/avr/5.4.0/avr5\libgcc.a(_negsi2.o)
 .text          0x00000000        0x0 c:/program files (x86)/atmel/studio/7.0/toolchain/avr8/avr8-gnu-toolchain/bin/../lib/gcc/avr/5.4.0/avr5\libgcc.a(_exit.o)
 .data          0x00000000        0x0 c:/program files (x86)/atmel/studio/7.0/toolchain/avr8/avr8-gnu-toolchain/bin/../lib/gcc/avr/5.4.0/avr5\libgcc.a(_exit.o)
 .bss           0x00000000        0x0 c:/program files (x86)/atmel/studio/7.0/toolchain/avr8/avr8-gnu-toolchain/bin/../lib/gcc/avr/5.4.0/avr5\libgcc.a(_exit.o)
 .text.libgcc.mul
                0x00000000        0x0 c:/program files (x86)/atmel/studio/7.0/toolchain/avr8/avr8-gnu-toolchain/bin/../lib/gcc/avr/5.4.0/avr5\libgcc.a(_exit.o)
 .text.libgcc.div
                0x00000000        0x0 c:/program files (x86)/atmel/studio/7.0/toolchain/avr8/avr8-gnu-toolchain/bin/../lib/gcc/avr/5.4.0/avr5\libgcc.a(_exit.o)
 .text.libgcc   0x00000000        0x0 c:/program files (x86)/atmel/studio/7.0/toolchain/avr8/avr8-gnu-toolchain/bin/../lib/gcc/avr/5.4.0/avr5\libgcc.a(_exit.o)
 .text.libgcc.prologue
                0x00000000        0x0 c:/program files (x86)/atmel/studio/7.0/toolchain/avr8/avr8-gnu-toolchain/bin/../lib/gcc/avr/5.4.0/avr5\libgcc.a(_exit.o)
 .text.libgcc.builtins
                0x00000000        0x0 c:/program files (x86)/atmel/studio/7.0/toolchain/avr8/avr8-gnu-toolchain/bin/../lib/gcc/avr/5.4.0/avr5\libgcc.a(_exit.o)
 .text.libgcc.fmul
                0x00000000        0x0 c:/program files (x86)/atmel/studio/7.0/toolchain/avr8/avr8-gnu-toolchain/bin/../lib/gcc/avr/5.4.0/avr5\libgcc.a(_exit.o)
 .text.libgcc.fixed
                0x00000000        0x0 c:/program files (x86)/atmel/studio/7.0/toolchain/avr8/avr8-gnu-toolchain/bin/../lib/gcc/avr/5.4.0/avr5\libgcc.a(_exit.o)
 .text          0x00000000        0x0 c:/program files (x86)/atmel/studio/7.0/toolchain/avr8/avr8-gnu-toolchain/bin/../lib/gcc/avr/5.4.0/avr5\libgcc.a(_tablejump2.o)
 .data          0x00000000        0x0 c:/program files (x86)/atmel/studio/7.0/toolchain/avr8/avr8-gnu-toolchain/bin/../lib/gcc/avr/5.4.0/avr5\libgcc.a(_tablejump2.o)
 .bss           0x00000000        0x0 c:/program files (x86)/atmel/studio/7.0/toolchain/avr8/avr8-gnu-toolchain/bin/../lib/gcc/avr/5.4.0/avr5\libgcc.a(_tablejump2.o)
 .text.libgcc.mul
                0x00000000        0x0 c:/program files (x86)/atmel/studio/7.0/toolchain/avr8/avr8-gnu-toolchain/bin/../lib/gcc/avr/5.4.0/avr5\libgcc.a(_tablejump2.o)
 .text.libgcc.div
                0x00000000        0x0 c:/program files (x86)/atmel/studio/7.0/toolchain/avr8/avr8-gnu-toolchain/bin/../lib/gcc/avr/5.4.0/avr5\libgcc.a(_tablejump2.o)
 .text.libgcc.prologue
                0x00000000        0x0 c:/program files (x86)/atmel/studio/7.0/toolchain/avr8/avr8-gnu-toolchain/bin/../lib/gcc/avr/5.4.0/avr5\libgcc.a(_tablejump2.o)
 .text.libgcc.builtins
                0x00000000        0x0 c:/program files (x86)/atmel/studio/7.0/toolchain/avr8/avr8-gnu-toolchain/bin/../lib/gcc/avr/5.4.0/avr5\libgcc.a(_tablejump2.o)
 .text.libgcc.fmul
                0x00000000        0x0 c:/program files (x86)/atmel/studio/7.0/toolchain/avr8/avr8-gnu-toolchain/bin/../lib/gcc/avr/5.4.0/avr5\libgcc.a(_tablejump2.o)
 .text.libgcc.fixed
                0x00000000        0x0 c:/program files (x86)/atmel/studio/7.0/toolchain/avr8/avr8-gnu-toolchain/bin/../lib/gcc/avr/5.4.0/avr5\libgcc.a(_tablejump2.o)
 .text          0x00000000        0x0 c:/program files (x86)/atmel/studio/7.0/toolchain/avr8/avr8-gnu-toolchain/bin/../lib/gcc/avr/5.4.0/avr5\libgcc.a(_copy_data.o)
 .data          0x00000000        0x0 c:/program files (x86)/atmel/studio/7.0/toolchain/avr8/avr8-gnu-toolchain/bin/../lib/gcc/avr/5.4.0/avr5\libgcc.a(_copy_data.o)
 .bss           0x00000000        0x0 c:/program files (x86)/atmel/studio/7.0/toolchain/avr8/avr8-gnu-toolchain/bin/../lib/gcc/avr/5.4.0/avr5\libgcc.a(_copy_data.o)
 .text.libgcc.mul
                0x00000000        0x0 c:/program files (x86)/atmel/studio/7.0/toolchain/avr8/avr8-gnu-toolchain/bin/../lib/gcc/avr/5.4.0/avr5\libgcc.a(_copy_data.o)
 .text.libgcc.div
                0x00000000        0x0 c:/program files (x86)/atmel/studio/7.0/toolchain/avr8/avr8-gnu-toolchain/bin/../lib/gcc/avr/5.4.0/avr5\libgcc.a(_copy_data.o)
 .text.libgcc   0x00000000        0x0 c:/program files (x86)/atmel/studio/7.0/toolchain/avr8/avr8-gnu-toolchain/bin/../lib/gcc/avr/5.4.0/avr5\libgcc.a(_copy_data.o)
 .text.libgcc.prologue
                0x00000000        0x0 c:/program files (x86)/atmel/studio/7.0/toolchain/avr8/avr8-gnu-toolchain/bin/../lib/gcc/avr/5.4.0/avr5\libgcc.a(_copy_data.o)
 .text.libgcc.builtins
                0x00000000        0x0 c:/program files (x86)/atmel/studio/7.0/toolchain/avr8/avr8-gnu-toolchain/bin/../lib/gcc/avr/5.4.0/avr5\libgcc.a(_copy_data.o)
 .text.libgcc.fmul
                0x00000000        0x0 c:/program files (x86)/atmel/studio/7.0/toolchain/avr8/avr8-gnu-toolchain/bin/../lib/gcc/avr/5.4.0/avr5\libgcc.a(_copy_data.o)
 .text.libgcc.fixed
                0x00000000        0x0 c:/program files (x86)/atmel/studio/7.0/toolchain/avr8/avr8-gnu-toolchain/bin/../lib/gcc/avr/5.4.0/avr5\libgcc.a(_copy_data.o)
 .text          0x00000000        0x0 c:/program files (x86)/atmel/studio/7.0/toolchain/avr8/avr8-gnu-toolchain/bin/../lib/gcc/avr/5.4.0/avr5\libgcc.a(_clear_bss.o)
 .data          0x00000000        0x0 c:/program files (x86)/atmel/studio/7.0/toolchain/avr8/avr8-gnu-toolchain/bin/../lib/gcc/avr/5.4.0/avr5\libgcc.a(_clear_bss.o)
 .bss           0x00000000        0x0 c:/program files (x86)/atmel/studio/7.0/toolchain/avr8/avr8-gnu-toolchain/bin/../lib/gcc/avr/5.4.0/avr5\libgcc.a(_clear_bss.o)
 .text.libgcc.mul
                0x00000000        0x0 c:/program files (x86)/atmel/studio/7.0/toolchain/avr8/avr8-gnu-toolchain/bin/../lib/gcc/avr/5.4.0/avr5\libgcc.a(_clear_bss.o)
 .text.libgcc.div
                0x00000000        0x0 c:/program files (x86)/atmel/studio/7.0/toolchain/avr8/avr8-gnu-toolchain/bin/../lib/gcc/avr/5.4.0/avr5\libgcc.a(_clear_bss.o)
 .text.libgcc   0x00000000        0x0 c:/program files (x86)/atmel/studio/7.0/toolchain/avr8/avr8-gnu-toolchain/bin/../lib/gcc/avr/5.4.0/avr5\libgcc.a(_clear_bss.o)
 .text.libgcc.prologue
                0x00000000        0x0 c:/program files (x86)/atmel/studio/7.0/toolchain/avr8/avr8-gnu-toolchain/bin/../lib/gcc/avr/5.4.0/avr5\libgcc.a(_clear_bss.o)
 .text.libgcc.builtins
                0x00000000        0x0 c:/program files (x86)/atmel/studio/7.0/toolchain/avr8/avr8-gnu-toolchain/bin/../lib/gcc/avr/5.4.0/avr5\libgcc.a(_clear_bss.o)
 .text.libgcc.fmul
                0x00000000        0x0 c:/program files (x86)/atmel/studio/7.0/toolchain/avr8/avr8-gnu-toolchain/bin/../lib/gcc/avr/5.4.0/avr5\libgcc.a(_clear_bss.o)
 .text.libgcc.fixed
                0x00000000        0x0 c:/program files (x86)/atmel/studio/7.0/toolchain/avr8/avr8-gnu-toolchain/bin/../lib/gcc/avr/5.4.0/avr5\libgcc.a(_clear_bss.o)
 .text          0x00000000        0x0 c:/program files (x86)/atmel/studio/7.0/toolchain/avr8/avr8-gnu-toolchain/bin/../lib/gcc/avr/5.4.0/avr5\libgcc.a(_umulhisi3.o)
 .data          0x00000000        0x0 c:/program files (x86)/atmel/studio/7.0/toolchain/avr8/avr8-gnu-toolchain/bin/../lib/gcc/avr/5.4.0/avr5\libgcc.a(_umulhisi3.o)
 .bss           0x00000000        0x0 c:/program files (x86)/atmel/studio/7.0/toolchain/avr8/avr8-gnu-toolchain/bin/../lib/gcc/avr/5.4.0/avr5\libgcc.a(_umulhisi3.o)
 .text.libgcc.div
                0x00000000        0x0 c:/program files (x86)/atmel/studio/7.0/toolchain/avr8/avr8-gnu-toolchain/bin/../lib/gcc/avr/5.4.0/avr5\libgcc.a(_umulhisi3.o)
 .text.libgcc   0x00000000        0x0 c:/program files (x86)/atmel/studio/7.0/toolchain/avr8/avr8-gnu-toolchain/bin/../lib/gcc/avr/5.4.0/avr5\libgcc.a(_umulhisi3.o)
 .text.libgcc.prologue
                0x00000000        0x0 c:/program files (x86)/atmel/studio/7.0/toolchain/avr8/avr8-gnu-toolchain/bin/../lib/gcc/avr/5.4.0/avr5\libgcc.a(_umulhisi3.o)
 .text.libgcc.builtins
                0x00000000        0x0 c:/program files (x86)/atmel/studio/7.0/toolchain/avr8/avr8-gnu-toolchain/bin/../lib/gcc/avr/5.4.0/avr5\libgcc.a(_umulhisi3.o)
 .text.libgcc.fmul
                0x00000000        0x0 c:/program files (x86)/atmel/studio/7.0/toolchain/avr8/avr8-gnu-toolchain/bin/../lib/gcc/avr/5.4.0/avr5\libgcc.a(_umulhisi3.o)
 .text.libgcc.fixed
                0x00000000        0x0 c:/program files (x86)/atmel/studio/7.0/toolchain/avr8/avr8-gnu-toolchain/bin/../lib/gcc/avr/5.4.0/avr5\libgcc.a(_umulhisi3.o)
 .text          0x00000000        0x0 c:/program files (x86)/atmel/studio/7.0/toolchain/avr8/avr8-gnu-toolchain/bin/../lib/gcc/avr/5.4.0/avr5\libgcc.a(_muluhisi3.o)
 .data          0x00000000        0x0 c:/program files (x86)/atmel/studio/7.0/toolchain/avr8/avr8-gnu-toolchain/bin/../lib/gcc/avr/5.4.0/avr5\libgcc.a(_muluhisi3.o)
 .bss           0x00000000        0x0 c:/program files (x86)/atmel/studio/7.0/toolchain/avr8/avr8-gnu-toolchain/bin/../lib/gcc/avr/5.4.0/avr5\libgcc.a(_muluhisi3.o)
 .text.libgcc.div
                0x00000000        0x0 c:/program files (x86)/atmel/studio/7.0/toolchain/avr8/avr8-gnu-toolchain/bin/../lib/gcc/avr/5.4.0/avr5\libgcc.a(_muluhisi3.o)
 .text.libgcc   0x00000000        0x0 c:/program files (x86)/atmel/studio/7.0/toolchain/avr8/avr8-gnu-toolchain/bin/../lib/gcc/avr/5.4.0/avr5\libgcc.a(_muluhisi3.o)
 .text.libgcc.prologue
                0x00000000        0x0 c:/program files (x86)/atmel/studio/7.0/toolchain/avr8/avr8-gnu-toolchain/bin/../lib/gcc/avr/5.4.0/avr5\libgcc.a(_muluhisi3.o)
 .text.libgcc.builtins
                0x00000000        0x0 c:/program files (x86)/atmel/studio/7.0/toolchain/avr8/avr8-gnu-toolchain/bin/../lib/gcc/avr/5.4.0/avr5\libgcc.a(_muluhisi3.o)
 .text.libgcc.fmul
                0x00000000        0x0 c:/program files (x86)/atmel/studio/7.0/toolchain/avr8/avr8-gnu-toolchain/bin/../lib/gcc/avr/5.4.0/avr5\libgcc.a(_muluhisi3.o)
 .text.libgcc.fixed
                0x00000000        0x0 c:/program files (x86)/atmel/studio/7.0/toolchain/avr8/avr8-gnu-toolchain/bin/../lib/gcc/avr/5.4.0/avr5\libgcc.a(_muluhisi3.o)

Memory Configuration

Name             Origin             Length             Attributes
text             0x00000000         0x00008000         xr
data             0x00800060         0x00000800         rw !x
eeprom           0x00810000         0x00000400         rw !x
fuse             0x00820000         0x00000002         rw !x
lock             0x00830000         0x00000400         rw !x
signature        0x00840000         0x00000400         rw !x
user_signatures  0x00850000         0x00000400         rw !x
*default*        0x00000000         0xffffffff

Linker script and memory map

LOAD C:/Program Files (x86)/Atmel/Studio/7.0/Packs/atmel/ATmega_DFP/1.7.374/gcc/dev/atmega32/avr5/crtatmega32.o
LOAD APP/Calculator_Prg.o
LOAD APP/CAR_MOVE_Prg.o
LOAD APP/Fire_System_Prg.o
LOAD APP/LCD_Game_Prg.o
LOAD APP/Number_Converter_Prg.o
LOAD APP/RGB_APP_Prg.o
LOAD APP/StepperAPP_Prg.o
LOAD APP/STOP_WATCH_Prg.o
LOAD APP/TEMP_Filter_Prg.o
LOAD CONFIG/DIO_Cfg.o
LOAD HAL/BUTTON_Prg.o
LOAD HAL/KeyPad_Prg.o
LOAD HAL/LCD_Prg.o
LOAD HAL/LED_Prg.o
LOAD HAL/MOTOR_Prg.o
LOAD HAL/RGB_Prg.o
LOAD HAL/SENSORS_Prg.o
LOAD HAL/SEVEN_SEG_Prg.o
LOAD HAL/Stepper_Prg.o
LOAD main.o
LOAD MCAL/ADC_Prg.o
LOAD MCAL/DIO_Prg.o
LOAD MCAL/EEPROM_Prg.o
LOAD MCAL/EXI_Prg.o
LOAD MCAL/Timers_Prg.o
LOAD MCAL/WDT_Prg.o
LOAD SERVICE/Timers_Services_Prg.o
START GROUP
LOAD c:/program files (x86)/atmel/studio/7.0/toolchain/avr8/avr8-gnu-toolchain/bin/../lib/gcc/avr/5.4.0/../../../../avr/lib/avr5\libm.a
END GROUP
START GROUP
LOAD c:/program files (x86)/atmel/studio/7.0/toolchain/avr8/avr8-gnu-toolchain/bin/../lib/gcc/avr/5.4.0/avr5\libgcc.a
LOAD c:/program files (x86)/atmel/studio/7.0/toolchain/avr8/avr8-gnu-toolchain/bin/../lib/gcc/avr/5.4.0/../../../../avr/lib/avr5\libm.a
LOAD c:/program files (x86)/atmel/studio/7.0/toolchain/avr8/avr8-gnu-toolchain/bin/../lib/gcc/avr/5.4.0/../../../../avr/lib/avr5\libc.a
LOAD C:/Program Files (x86)/Atmel/Studio/7.0/Packs/atmel/ATmega_DFP/1.7.374/gcc/dev/atmega32/avr5\libatmega32.a
END GROUP
                0x00000000                __TEXT_REGION_ORIGIN__ = DEFINED (__TEXT_REGION_ORIGIN__)?__TEXT_REGION_ORIGIN__:0x0
                [0x00800060]                __DATA_REGION_ORIGIN__ = DEFINED (__DATA_REGION_ORIGIN__)?__DATA_REGION_ORIGIN__:0x800060
                [0x00008000]                __TEXT_REGION_LENGTH__ = DEFINED (__TEXT_REGION_LENGTH__)?__TEXT_REGION_LENGTH__:0x20000
                [0x00000800]                __DATA_REGION_LENGTH__ = DEFINED (__DATA_REGION_LENGTH__)?__DATA_REGION_LENGTH__:0xffa0
                [0x00000400]                __EEPROM_REGION_LENGTH__ = DEFINED (__EEPROM_REGION_LENGTH__)?__EEPROM_REGION_LENGTH__:0x10000
                [0x00000002]                __FUSE_REGION_LENGTH__ = DEFINED (__FUSE_REGION_LENGTH__)?__FUSE_REGION_LENGTH__:0x400
                0x00000400                __LOCK_REGION_LENGTH__ = DEFINED (__LOCK_REGION_LENGTH__)?__LOCK_REGION_LENGTH__:0x400
                0x00000400                __SIGNATURE_REGION_LENGTH__ = DEFINED (__SIGNATURE_REGION_LENGTH__)?__SIGNATURE_REGION_LENGTH__:0x400
                0x00000400                __USER_SIGNATURE_REGION_LENGTH__ = DEFINED (__USER_SIGNATURE_REGION_LENGTH__)?__USER_SIGNATURE_REGION_LENGTH__:0x400

.hash
 *(.hash)

.dynsym
 *(.dynsym)

.dynstr
 *(.dynstr)

.gnu.version
 *(.gnu.version)

.gnu.version_d
 *(.gnu.version_d)

.gnu.version_r
 *(.gnu.version_r)

.rel.init
 *(.rel.init)

.rela.init
 *(.rela.init)

.rel.text
 *(.rel.text)
 *(.rel.text.*)
 *(.rel.gnu.linkonce.t*)

.rela.text
 *(.rela.text)
 *(.rela.text.*)
 *(.rela.gnu.linkonce.t*)

.rel.fini
 *(.rel.fini)

.rela.fini
 *(.rela.fini)

.rel.rodata
 *(.rel.rodata)
 *(.rel.rodata.*)
 *(.rel.gnu.linkonce.r*)

.rela.rodata
 *(.rela.rodata)
 *(.rela.rodata.*)
 *(.rela.gnu.linkonce.r*)

.rel.data
 *(.rel.data)
 *(.rel.data.*)
 *(.rel.gnu.linkonce.d*)

.rela.data
 *(.rela.data)
 *(.rela.data.*)
 *(.rela.gnu.linkonce.d*)

.rel.ctors
 *(.rel.ctors)

.rela.ctors
 *(.rela.ctors)

.rel.dtors
 *(.rel.dtors)

.rela.dtors
 *(.rela.dtors)

.rel.got
 *(.rel.got)

.rela.got
 *(.rela.got)

.rel.bss
 *(.rel.bss)

.rela.bss
 *(.rela.bss)

.rel.plt
 *(.rel.plt)

.rela.plt
 *(.rela.plt)

.text           0x00000000     0x136a
 *(.vectors)
 .vectors       0x00000000       0x54 C:/Program Files (x86)/Atmel/Studio/7.0/Packs/atmel/ATmega_DFP/1.7.374/gcc/dev/atmega32/avr5/crtatmega32.o
                0x00000000                __vector_default
                0x00000000                __vectors
 *(.vectors)
 *(.progmem.gcc*)
 .progmem.gcc_sw_table.Timer1_Init
                0x00000054       0x20 MCAL/Timers_Prg.o
                0x00000074                . = ALIGN (0x2)
                0x00000074                __trampolines_start = .
 *(.trampolines)
 .trampolines   0x00000074        0x0 linker stubs
 *(.trampolines*)
                0x00000074                __trampolines_end = .
 *libprintf_flt.a:*(.progmem.data)
 *libc.a:*(.progmem.data)
 *(.progmem*)
                0x00000074                . = ALIGN (0x2)
 *(.jumptables)
 *(.jumptables*)
 *(.lowtext)
 *(.lowtext*)
                0x00000074                __ctors_start = .
 *(.ctors)
                0x00000074                __ctors_end = .
                0x00000074                __dtors_start = .
 *(.dtors)
                0x00000074                __dtors_end = .
 SORT(*)(.ctors)
 SORT(*)(.dtors)
 *(.init0)
 .init0         0x00000074        0x0 C:/Program Files (x86)/Atmel/Studio/7.0/Packs/atmel/ATmega_DFP/1.7.374/gcc/dev/atmega32/avr5/crtatmega32.o
                0x00000074                __init
 *(.init0)
 *(.init1)
 *(.init1)
 *(.init2)
 .init2         0x00000074        0xc C:/Program Files (x86)/Atmel/Studio/7.0/Packs/atmel/ATmega_DFP/1.7.374/gcc/dev/atmega32/avr5/crtatmega32.o
 *(.init2)
 *(.init3)
 *(.init3)
 *(.init4)
 .init4         0x00000080       0x16 c:/program files (x86)/atmel/studio/7.0/toolchain/avr8/avr8-gnu-toolchain/bin/../lib/gcc/avr/5.4.0/avr5\libgcc.a(_copy_data.o)
                0x00000080                __do_copy_data
 .init4         0x00000096       0x10 c:/program files (x86)/atmel/studio/7.0/toolchain/avr8/avr8-gnu-toolchain/bin/../lib/gcc/avr/5.4.0/avr5\libgcc.a(_clear_bss.o)
                0x00000096                __do_clear_bss
 *(.init4)
 *(.init5)
 *(.init5)
 *(.init6)
 *(.init6)
 *(.init7)
 *(.init7)
 *(.init8)
 *(.init8)
 *(.init9)
 .init9         0x000000a6        0x8 C:/Program Files (x86)/Atmel/Studio/7.0/Packs/atmel/ATmega_DFP/1.7.374/gcc/dev/atmega32/avr5/crtatmega32.o
 *(.init9)
 *(.text)
 .text          0x000000ae        0x4 C:/Program Files (x86)/Atmel/Studio/7.0/Packs/atmel/ATmega_DFP/1.7.374/gcc/dev/atmega32/avr5/crtatmega32.o
                0x000000ae                __bad_interrupt
                0x000000ae                __vector_13
                0x000000ae                __vector_17
                0x000000ae                __vector_19
                0x000000ae                __vector_15
                0x000000ae                __vector_14
                0x000000ae                __vector_18
                0x000000ae                __vector_12
                0x000000b2                . = ALIGN (0x2)
 *(.text.*)
 .text.INT0_Func
                0x000000b2       0x1c APP/RGB_APP_Prg.o
 .text.INT1_Func
                0x000000ce       0x44 APP/RGB_APP_Prg.o
 .text.RGB_APP_Init
                0x00000112       0x70 APP/RGB_APP_Prg.o
                0x00000112                RGB_APP_Init
 .text.RGB_APP_Runnable
                0x00000182       0x9e APP/RGB_APP_Prg.o
                0x00000182                RGB_APP_Runnable
 .text.Write_Instruction
                0x00000220       0xe0 HAL/LCD_Prg.o
 .text.Write_Data
                0x00000300       0xe0 HAL/LCD_Prg.o
 .text.LCD_Init
                0x000003e0       0x54 HAL/LCD_Prg.o
                0x000003e0                LCD_Init
 .text.LCD_Write_String
                0x00000434       0x26 HAL/LCD_Prg.o
                0x00000434                LCD_Write_String
 .text.LCD_Set_Cursor
                0x0000045a       0x1c HAL/LCD_Prg.o
                0x0000045a                LCD_Set_Cursor
 .text.LCD_Clear_Screen
                0x00000476        0x6 HAL/LCD_Prg.o
                0x00000476                LCD_Clear_Screen
 .text.LCD_Write_String_Cursor
                0x0000047c       0x14 HAL/LCD_Prg.o
                0x0000047c                LCD_Write_String_Cursor
 .text.LCD_Clear_Cursor
                0x00000490       0x32 HAL/LCD_Prg.o
                0x00000490                LCD_Clear_Cursor
 .text.RGB_Init
                0x000004c2       0x12 HAL/RGB_Prg.o
                0x000004c2                RGB_Init
 .text.RGB_Colour_array
                0x000004d4       0x50 HAL/RGB_Prg.o
                0x000004d4                RGB_Colour_array
 .text.RGB_Colour_Data
                0x00000524       0x28 HAL/RGB_Prg.o
                0x00000524                RGB_Colour_Data
 .text.rgb_func_call_back
                0x0000054c       0xba HAL/RGB_Prg.o
 .text.RGB_Convert_Colours
                0x00000606      0x1b0 HAL/RGB_Prg.o
                0x00000606                RGB_Convert_Colours
 .text.startup.main
                0x000007b6       0x3c main.o
                0x000007b6                main
 .text.__vector_16
                0x000007f2       0x52 MCAL/ADC_Prg.o
                0x000007f2                __vector_16
 .text.DIO_Init
                0x00000844      0x1bc MCAL/DIO_Prg.o
                0x00000844                DIO_Init
 .text.DIO_WritePin
                0x00000a00       0xfe MCAL/DIO_Prg.o
                0x00000a00                DIO_WritePin
 .text.__vector_20
                0x00000afe       0x52 MCAL/EEPROM_Prg.o
                0x00000afe                __vector_20
 .text.EXT_INT_ENABLE
                0x00000b50       0xa0 MCAL/EXI_Prg.o
                0x00000b50                EXT_INT_ENABLE
 .text.EXI_Init
                0x00000bf0       0x18 MCAL/EXI_Prg.o
                0x00000bf0                EXI_Init
 .text.EXT_INT_Set_Call_Back
                0x00000c08       0x2a MCAL/EXI_Prg.o
                0x00000c08                EXT_INT_Set_Call_Back
 .text.__vector_1
                0x00000c32       0x52 MCAL/EXI_Prg.o
                0x00000c32                __vector_1
 .text.__vector_2
                0x00000c84       0x52 MCAL/EXI_Prg.o
                0x00000c84                __vector_2
 .text.__vector_3
                0x00000cd6       0x52 MCAL/EXI_Prg.o
                0x00000cd6                __vector_3
 .text.Timer0_Init
                0x00000d28       0x42 MCAL/Timers_Prg.o
                0x00000d28                Timer0_Init
 .text.Timer0_OC0_Mode
                0x00000d6a       0x36 MCAL/Timers_Prg.o
                0x00000d6a                Timer0_OC0_Mode
 .text.__vector_11
                0x00000da0       0x52 MCAL/Timers_Prg.o
                0x00000da0                __vector_11
 .text.__vector_10
                0x00000df2       0x52 MCAL/Timers_Prg.o
                0x00000df2                __vector_10
 .text.Timer1_Init
                0x00000e44       0xd0 MCAL/Timers_Prg.o
                0x00000e44                Timer1_Init
 .text.Timer1_Set_OC1A_Mode
                0x00000f14       0x36 MCAL/Timers_Prg.o
                0x00000f14                Timer1_Set_OC1A_Mode
 .text.Timer1_Set_OC1B_Mode
                0x00000f4a       0x36 MCAL/Timers_Prg.o
                0x00000f4a                Timer1_Set_OC1B_Mode
 .text.__vector_9
                0x00000f80       0x52 MCAL/Timers_Prg.o
                0x00000f80                __vector_9
 .text.__vector_7
                0x00000fd2       0x52 MCAL/Timers_Prg.o
                0x00000fd2                __vector_7
 .text.__vector_8
                0x00001024       0x52 MCAL/Timers_Prg.o
                0x00001024                __vector_8
 .text.__vector_6
                0x00001076       0x52 MCAL/Timers_Prg.o
                0x00001076                __vector_6
 .text.Timer2_Init
                0x000010c8       0x40 MCAL/Timers_Prg.o
                0x000010c8                Timer2_Init
 .text.Timer2_SET_OVF_Call_Back
                0x00001108        0xa MCAL/Timers_Prg.o
                0x00001108                Timer2_SET_OVF_Call_Back
 .text.__vector_5
                0x00001112       0x52 MCAL/Timers_Prg.o
                0x00001112                __vector_5
 .text.__vector_4
                0x00001164       0x52 MCAL/Timers_Prg.o
                0x00001164                __vector_4
 .text.Fun_Timer2_Call_Interrrupt
                0x000011b6       0x82 SERVICE/Timers_Services_Prg.o
 .text.Set_Call_Timer2_Interrupt_Time_ms
                0x00001238       0xae SERVICE/Timers_Services_Prg.o
                0x00001238                Set_Call_Timer2_Interrupt_Time_ms
 .text.libgcc.div
                0x000012e6       0x18 c:/program files (x86)/atmel/studio/7.0/toolchain/avr8/avr8-gnu-toolchain/bin/../lib/gcc/avr/5.4.0/avr5\libgcc.a(_udivmodqi4.o)
                0x000012e6                __udivmodqi4
 .text.libgcc.div
                0x000012fe       0x28 c:/program files (x86)/atmel/studio/7.0/toolchain/avr8/avr8-gnu-toolchain/bin/../lib/gcc/avr/5.4.0/avr5\libgcc.a(_udivmodhi4.o)
                0x000012fe                __udivmodhi4
 .text.libgcc   0x00001326        0xc c:/program files (x86)/atmel/studio/7.0/toolchain/avr8/avr8-gnu-toolchain/bin/../lib/gcc/avr/5.4.0/avr5\libgcc.a(_tablejump2.o)
                0x00001326                __tablejump2__
 .text.libgcc.mul
                0x00001332       0x1e c:/program files (x86)/atmel/studio/7.0/toolchain/avr8/avr8-gnu-toolchain/bin/../lib/gcc/avr/5.4.0/avr5\libgcc.a(_umulhisi3.o)
                0x00001332                __umulhisi3
 .text.libgcc.mul
                0x00001350       0x16 c:/program files (x86)/atmel/studio/7.0/toolchain/avr8/avr8-gnu-toolchain/bin/../lib/gcc/avr/5.4.0/avr5\libgcc.a(_muluhisi3.o)
                0x00001350                __muluhisi3
                0x00001366                . = ALIGN (0x2)
 *(.fini9)
 .fini9         0x00001366        0x0 c:/program files (x86)/atmel/studio/7.0/toolchain/avr8/avr8-gnu-toolchain/bin/../lib/gcc/avr/5.4.0/avr5\libgcc.a(_exit.o)
                0x00001366                _exit
                0x00001366                exit
 *(.fini9)
 *(.fini8)
 *(.fini8)
 *(.fini7)
 *(.fini7)
 *(.fini6)
 *(.fini6)
 *(.fini5)
 *(.fini5)
 *(.fini4)
 *(.fini4)
 *(.fini3)
 *(.fini3)
 *(.fini2)
 *(.fini2)
 *(.fini1)
 *(.fini1)
 *(.fini0)
 .fini0         0x00001366        0x4 c:/program files (x86)/atmel/studio/7.0/toolchain/avr8/avr8-gnu-toolchain/bin/../lib/gcc/avr/5.4.0/avr5\libgcc.a(_exit.o)
 *(.fini0)
                0x0000136a                _etext = .

.data           0x00800060       0xe6 load address 0x0000136a
                0x00800060                PROVIDE (__data_start, .)
 *(.data)
 *(.data*)
 .data.flag2    0x00800060        0x1 APP/RGB_APP_Prg.o
 .data.next_color
                0x00800061        0x1 APP/RGB_APP_Prg.o
 .data.color_names
                0x00800062       0x1e APP/RGB_APP_Prg.o
                0x00800062                color_names
 *(.gnu.linkonce.d*)
 *(.rodata)
 *(.rodata*)
 .rodata.str1.1
                0x00800080       0x73 APP/RGB_APP_Prg.o
                                 0x82 (size before relaxing)
 .rodata.pin_arr
                0x008000f3       0x20 CONFIG/DIO_Cfg.o
                0x008000f3                pin_arr
 .rodata.LCD_Pin_control
                0x00800113        0x6 HAL/LCD_Prg.o
 .rodata.rgb_colors
                0x00800119       0x2d HAL/RGB_Prg.o
 *(.gnu.linkonce.r*)
                0x00800146                . = ALIGN (0x2)
                0x00800146                _edata = .
                0x00800146                PROVIDE (__data_end, .)

.bss            0x00800146       0x3f
                0x00800146                PROVIDE (__bss_start, .)
 *(.bss)
 *(.bss*)
 .bss.flag1     0x00800146        0x1 APP/RGB_APP_Prg.o
 .bss.current_color
                0x00800147        0x1 APP/RGB_APP_Prg.o
 .bss.counter.1800
                0x00800148        0x1 HAL/RGB_Prg.o
 .bss.color_no  0x00800149        0x1 HAL/RGB_Prg.o
 .bss.conv_time
                0x0080014a        0x2 HAL/RGB_Prg.o
 .bss.color_val
                0x0080014c        0x3 HAL/RGB_Prg.o
 .bss.inc_dec_flag
                0x0080014f        0x3 HAL/RGB_Prg.o
 .bss.step_change
                0x00800152        0x3 HAL/RGB_Prg.o
 .bss.next_color
                0x00800155        0x3 HAL/RGB_Prg.o
 .bss.current_color
                0x00800158        0x3 HAL/RGB_Prg.o
 .bss.ADC_PF    0x0080015b        0x2 MCAL/ADC_Prg.o
 .bss.EEPROM_Func
                0x0080015d        0x2 MCAL/EEPROM_Prg.o
 .bss.EXT_INT2_call_back
                0x0080015f        0x2 MCAL/EXI_Prg.o
 .bss.EXT_INT1_call_back
                0x00800161        0x2 MCAL/EXI_Prg.o
 .bss.EXT_INT0_call_back
                0x00800163        0x2 MCAL/EXI_Prg.o
 .bss.Timer1_ICU_PFunc
                0x00800165        0x2 MCAL/Timers_Prg.o
 .bss.Timer1_CMP_B_Match_PFunc
                0x00800167        0x2 MCAL/Timers_Prg.o
 .bss.Timer1_CMP_A_Match_PFunc
                0x00800169        0x2 MCAL/Timers_Prg.o
 .bss.Timer1_OVF_PFunc
                0x0080016b        0x2 MCAL/Timers_Prg.o
 .bss.Timer2_CMP_Match_PFunc
                0x0080016d        0x2 MCAL/Timers_Prg.o
 .bss.Timer2_OVF_PFunc
                0x0080016f        0x2 MCAL/Timers_Prg.o
 .bss.Timer0_CMP_Match_PFunc
                0x00800171        0x2 MCAL/Timers_Prg.o
 .bss.Timer0_OVF_PFunc
                0x00800173        0x2 MCAL/Timers_Prg.o
 .bss.counter.1787
                0x00800175        0x2 SERVICE/Timers_Services_Prg.o
 .bss.reminder2
                0x00800177        0x4 SERVICE/Timers_Services_Prg.o
 .bss.repeat2   0x0080017b        0x4 SERVICE/Timers_Services_Prg.o
 .bss.pfunc2    0x0080017f        0x2 SERVICE/Timers_Services_Prg.o
 .bss.time2_interrupt
                0x00800181        0x4 SERVICE/Timers_Services_Prg.o
 *(COMMON)
                0x00800185                PROVIDE (__bss_end, .)
                0x0000136a                __data_load_start = LOADADDR (.data)
                0x00001450                __data_load_end = (__data_load_start + SIZEOF (.data))

.noinit         0x00800185        0x0
                [!provide]                PROVIDE (__noinit_start, .)
 *(.noinit*)
                [!provide]                PROVIDE (__noinit_end, .)
                0x00800185                _end = .
                [!provide]                PROVIDE (__heap_start, .)

.eeprom         0x00810000        0x0
 *(.eeprom*)
                0x00810000                __eeprom_end = .

.fuse
 *(.fuse)
 *(.lfuse)
 *(.hfuse)
 *(.efuse)

.lock
 *(.lock*)

.signature
 *(.signature*)

.user_signatures
 *(.user_signatures*)

.stab
 *(.stab)

.stabstr
 *(.stabstr)

.stab.excl
 *(.stab.excl)

.stab.exclstr
 *(.stab.exclstr)

.stab.index
 *(.stab.index)

.stab.indexstr
 *(.stab.indexstr)

.comment        0x00000000       0x30
 *(.comment)
 .comment       0x00000000       0x30 APP/RGB_APP_Prg.o
                                 0x31 (size before relaxing)
 .comment       0x00000030       0x31 CONFIG/DIO_Cfg.o
 .comment       0x00000030       0x31 HAL/LCD_Prg.o
 .comment       0x00000030       0x31 HAL/RGB_Prg.o
 .comment       0x00000030       0x31 main.o
 .comment       0x00000030       0x31 MCAL/ADC_Prg.o
 .comment       0x00000030       0x31 MCAL/DIO_Prg.o
 .comment       0x00000030       0x31 MCAL/EEPROM_Prg.o
 .comment       0x00000030       0x31 MCAL/EXI_Prg.o
 .comment       0x00000030       0x31 MCAL/Timers_Prg.o
 .comment       0x00000030       0x31 SERVICE/Timers_Services_Prg.o

.note.gnu.avr.deviceinfo
                0x00000000       0x3c
 .note.gnu.avr.deviceinfo
                0x00000000       0x3c C:/Program Files (x86)/Atmel/Studio/7.0/Packs/atmel/ATmega_DFP/1.7.374/gcc/dev/atmega32/avr5/crtatmega32.o

.note.gnu.build-id
 *(.note.gnu.build-id)

.debug
 *(.debug)

.line
 *(.line)

.debug_srcinfo
 *(.debug_srcinfo)

.debug_sfnames
 *(.debug_sfnames)

.debug_aranges
 *(.debug_aranges)

.debug_pubnames
 *(.debug_pubnames)

.debug_info     0x00000000      0x4e6
 *(.debug_info .gnu.linkonce.wi.*)
 .debug_info    0x00000000      0x4e6 C:/Program Files (x86)/Atmel/Studio/7.0/Packs/atmel/ATmega_DFP/1.7.374/gcc/dev/atmega32/avr5/crtatmega32.o

.debug_abbrev   0x00000000      0x4a3
 *(.debug_abbrev)
 .debug_abbrev  0x00000000      0x4a3 C:/Program Files (x86)/Atmel/Studio/7.0/Packs/atmel/ATmega_DFP/1.7.374/gcc/dev/atmega32/avr5/crtatmega32.o

.debug_line     0x00000000      0x116
 *(.debug_line .debug_line.* .debug_line_end)
 .debug_line    0x00000000      0x116 C:/Program Files (x86)/Atmel/Studio/7.0/Packs/atmel/ATmega_DFP/1.7.374/gcc/dev/atmega32/avr5/crtatmega32.o

.debug_frame
 *(.debug_frame)

.debug_str      0x00000000      0x196
 *(.debug_str)
 .debug_str     0x00000000      0x196 C:/Program Files (x86)/Atmel/Studio/7.0/Packs/atmel/ATmega_DFP/1.7.374/gcc/dev/atmega32/avr5/crtatmega32.o

.debug_loc
 *(.debug_loc)

.debug_macinfo
 *(.debug_macinfo)

.debug_weaknames
 *(.debug_weaknames)

.debug_funcnames
 *(.debug_funcnames)

.debug_typenames
 *(.debug_typenames)

.debug_varnames
 *(.debug_varnames)

.debug_pubtypes
 *(.debug_pubtypes)

.debug_ranges
 *(.debug_ranges)

.debug_macro
 *(.debug_macro)
OUTPUT(Online15_Project.elf elf32-avr)
LOAD linker stubs
